C51 COMPILER V9.54   CYLINDER_DRIVE                                                        10/06/2023 11:01:55 PAGE 1   


C51 COMPILER V9.54, COMPILATION OF MODULE CYLINDER_DRIVE
OBJECT MODULE PLACED IN .\Objects\Cylinder_Drive.obj
COMPILER INVOKED BY: E:\Keil_v4\C51\BIN\C51.EXE C and H\Cylinder_Drive.c OPTIMIZE(8,SPEED) BROWSE INCDIR(.\C and H) DEBU
                    -G OBJECTEXTEND PRINT(.\Listings\Cylinder_Drive.lst) OBJECT(.\Objects\Cylinder_Drive.obj)

line level    source

   1          #include "all.h"
   2          
   3          void Cylinder_Init()
   4          {
   5   1              Cy_Side=Close;
   6   1              Cy_Front=Close;
   7   1              Cy_Rear=Close;
   8   1      }
   9          void Cylinder_Ser(u8 dat, u8 instruct)
  10          {
  11   1      //      if(dat)
  12   1      //      {
  13   1                      switch(dat)
  14   1                      {
  15   2                              case Side:      Cy_Side = instruct;break;
  16   2                              case Front:     Cy_Front = instruct;break;
  17   2                              case Rear:      Cy_Rear = instruct;break;
  18   2                              case Cy_All:
  19   2                                              Cy_Side = instruct;
  20   2                                              Cy_Front = instruct;
  21   2                                              Cy_Rear = instruct;
  22   2                                              break;
  23   2                      }
  24   1      //              dat=0;
  25   1      //      }
  26   1      }


MODULE INFORMATION:   STATIC OVERLAYABLE
   CODE SIZE        =     50    ----
   CONSTANT SIZE    =   ----    ----
   XDATA SIZE       =   ----    ----
   PDATA SIZE       =   ----    ----
   DATA SIZE        =   ----    ----
   IDATA SIZE       =   ----    ----
   BIT SIZE         =   ----    ----
END OF MODULE INFORMATION.


C51 COMPILATION COMPLETE.  0 WARNING(S),  0 ERROR(S)
