BL51 BANKED LINKER/LOCATER V6.22                                                        10/06/2023  11:01:56  PAGE 1


BL51 BANKED LINKER/LOCATER V6.22, INVOKED BY:
E:\KEIL_V4\C51\BIN\BL51.EXE .\Objects\STARTUP.obj, .\Objects\ADC_Drive.obj, .\Objects\ASCLL.obj, .\Objects\Cylinder_Driv
>> e.obj, .\Objects\EEPROM.obj, .\Objects\IIC_Drive.obj, .\Objects\KEY_Drive.obj, .\Objects\LED_Drive.obj, .\Objects\Loc
>> k_Drive.obj, .\Objects\main.obj, .\Objects\OLED_Drive.obj, .\Objects\RS485_Drive.obj TO .\Objects\Test bench slave PR
>> INT (.\Listings\Test bench slave.m51) RAMSIZE (256)


MEMORY MODEL: SMALL


INPUT MODULES INCLUDED:
  .\Objects\STARTUP.obj (?C_STARTUP)
  .\Objects\ADC_Drive.obj (ADC_DRIVE)
  .\Objects\ASCLL.obj (ASCLL)
  .\Objects\Cylinder_Drive.obj (CYLINDER_DRIVE)
  .\Objects\EEPROM.obj (EEPROM)
  .\Objects\IIC_Drive.obj (IIC_DRIVE)
  .\Objects\KEY_Drive.obj (KEY_DRIVE)
  .\Objects\LED_Drive.obj (LED_DRIVE)
  .\Objects\Lock_Drive.obj (LOCK_DRIVE)
  .\Objects\main.obj (MAIN)
  .\Objects\OLED_Drive.obj (OLED_DRIVE)
  .\Objects\RS485_Drive.obj (RS485_DRIVE)
  E:\KEIL_V4\C51\LIB\C51S.LIB (?C_INIT)
  E:\KEIL_V4\C51\LIB\C51S.LIB (?C?IMUL)
  E:\KEIL_V4\C51\LIB\C51S.LIB (?C?UIDIV)
  E:\KEIL_V4\C51\LIB\C51S.LIB (?C?LMUL)
  E:\KEIL_V4\C51\LIB\C51S.LIB (?C?ULDIV)
  E:\KEIL_V4\C51\LIB\C51S.LIB (?C?ULCMP)
  E:\KEIL_V4\C51\LIB\C51S.LIB (?C?ULSHR)
  E:\KEIL_V4\C51\LIB\C51S.LIB (?C?LSTXDATA)
  E:\KEIL_V4\C51\LIB\C51S.LIB (?C?CCASE)


LINK MAP OF MODULE:  .\Objects\Test bench slave (?C_STARTUP)


            TYPE    BASE      LENGTH    RELOCATION   SEGMENT NAME
            -----------------------------------------------------

            * * * * * * *   D A T A   M E M O R Y   * * * * * * *
            REG     0000H     0008H     ABSOLUTE     "REG BANK 0"
            DATA    0008H     000BH     UNIT         _DATA_GROUP_
            IDATA   0013H     0002H     UNIT         _IDATA_GROUP_
                    0015H     000BH                  *** GAP ***
            BIT     0020H.0   0000H.5   UNIT         ?BI?LOCK_DRIVE
            BIT     0020H.5   0000H.2   UNIT         ?BI?RS485_DRIVE
                    0020H.7   0000H.1                *** GAP ***
            IDATA   0021H     0001H     UNIT         ?STACK

            * * * * * * *  X D A T A   M E M O R Y  * * * * * * *
            XDATA   0000H     00B4H     UNIT         ?XD?LOCK_DRIVE
            XDATA   00B4H     0021H     UNIT         ?XD?OLED_DRIVE
            XDATA   00D5H     0018H     UNIT         ?XD?RS485_DRIVE
            XDATA   00EDH     0008H     UNIT         ?XD?ADC_DRIVE
            XDATA   00F5H     0004H     UNIT         ?XD?KEY_DRIVE
            XDATA   00F9H     0003H     UNIT         ?XD?MAIN

BL51 BANKED LINKER/LOCATER V6.22                                                      10/06/2023  11:01:56  PAGE 2


            * * * * * * *   C O D E   M E M O R Y   * * * * * * *
            CODE    0000H     0003H     ABSOLUTE     
            CODE    0003H     0007H     UNIT         ?PR?ADC_INIT?ADC_DRIVE
                    000AH     0001H                  *** GAP ***
            CODE    000BH     0003H     ABSOLUTE     
            CODE    000EH     0014H     UNIT         ?PR?_ADC_READ_DATA_DRIVE?ADC_DRIVE
                    0022H     0001H                  *** GAP ***
            CODE    0023H     0003H     ABSOLUTE     
            CODE    0026H     0830H     UNIT         ?CO?ASCLL
            CODE    0856H     05C1H     UNIT         ?PR?MACH_RUN_SCAN?LOCK_DRIVE
            CODE    0E17H     0268H     UNIT         ?PR?OLED_ALLOT?MAIN
            CODE    107FH     0201H     UNIT         ?PR?RS485_RX_DRIVE?RS485_DRIVE
            CODE    1280H     01DAH     UNIT         ?C?LIB_CODE
            CODE    145AH     013AH     UNIT         ?PR?RS485_TX_DRIVE?RS485_DRIVE
            CODE    1594H     00F6H     UNIT         ?PR?OLED_INIT?OLED_DRIVE
            CODE    168AH     00C1H     UNIT         ?PR?_OLED_SYMBOL_SER?OLED_DRIVE
            CODE    174BH     00BAH     UNIT         ?PR?MOTOR_CURRENT_CALCULATE?ADC_DRIVE
            CODE    1805H     009DH     UNIT         ?C_INITSEG
            CODE    18A2H     008CH     UNIT         ?C_C51STARTUP
            CODE    192EH     0084H     UNIT         ?PR?_OLED_WRITE_DATA?OLED_DRIVE
            CODE    19B2H     0081H     UNIT         ?PR?SYSTEM_INIT?LOCK_DRIVE
            CODE    1A33H     007CH     UNIT         ?PR?_HALL_CURRENT_DETECTION?LOCK_DRIVE
            CODE    1AAFH     005FH     UNIT         ?PR?KEY_SCAN_SER?KEY_DRIVE
            CODE    1B0EH     005DH     UNIT         ?PR?_OLED_HZ_SER?OLED_DRIVE
            CODE    1B6BH     005BH     UNIT         ?PR?_MOTOR_CURRENT_DETECTION?LOCK_DRIVE
            CODE    1BC6H     0053H     UNIT         ?PR?OLED_DELETE?OLED_DRIVE
            CODE    1C19H     004FH     UNIT         ?PR?HALL_CURRENT_CALCULATE?ADC_DRIVE
            CODE    1C68H     004EH     UNIT         ?PR?MAIN?MAIN
            CODE    1CB6H     004AH     UNIT         ?PR?ADC_ALLOT?MAIN
            CODE    1D00H     0042H     UNIT         ?PR?RS485_ROUNTINE?RS485_DRIVE
            CODE    1D42H     003BH     UNIT         ?PR?KEY_ALLOT?MAIN
            CODE    1D7DH     002BH     UNIT         ?PR?_CYLINDER_SER?CYLINDER_DRIVE
            CODE    1DA8H     0026H     UNIT         ?PR?_IIC_WRITE_BYTE?IIC_DRIVE
            CODE    1DCEH     0025H     UNIT         ?PR?_OLED_WRITE_REG?OLED_DRIVE
            CODE    1DF3H     0025H     UNIT         ?PR?_OLED_NEW_SHOW_SER?OLED_DRIVE
            CODE    1E18H     0025H     UNIT         ?PR?RS485_INIT?RS485_DRIVE
            CODE    1E3DH     0022H     UNIT         ?PR?IIC_READ_ACK?IIC_DRIVE
            CODE    1E5FH     001BH     UNIT         ?PR?TIMER0_ROUTINE?LOCK_DRIVE
            CODE    1E7AH     0017H     UNIT         ?PR?_EEPROM_READ_BYTE_DRIVE?EEPROM
            CODE    1E91H     0013H     UNIT         ?PR?_EEPROM_WRITE_BYTE_DRIVE?EEPROM
            CODE    1EA4H     0011H     UNIT         ?PR?RS485_DATA_DRIVE?RS485_DRIVE
            CODE    1EB5H     000FH     UNIT         ?PR?_EEPROM_WIPE512_DRIVE?EEPROM
            CODE    1EC4H     000FH     UNIT         ?PR?DELAY200MS?OLED_DRIVE
            CODE    1ED3H     000EH     UNIT         ?PR?IIC_START?IIC_DRIVE
            CODE    1EE1H     000DH     UNIT         ?PR?IIC_DELAY?IIC_DRIVE
            CODE    1EEEH     000CH     UNIT         ?PR?IIC_STOP?IIC_DRIVE
            CODE    1EFAH     000CH     UNIT         ?PR?LED_SER?LED_DRIVE
            CODE    1F06H     0007H     UNIT         ?PR?CYLINDER_INIT?CYLINDER_DRIVE
            CODE    1F0DH     0005H     UNIT         ?PR?IIC_INIT?IIC_DRIVE
            CODE    1F12H     0003H     UNIT         ?PR?KEY_INIT?KEY_DRIVE



OVERLAY MAP OF MODULE:   .\Objects\Test bench slave (?C_STARTUP)


SEGMENT                                           DATA_GROUP          IDATA_GROUP
BL51 BANKED LINKER/LOCATER V6.22                                                      10/06/2023  11:01:56  PAGE 3


  +--> CALLED SEGMENT                           START    LENGTH     START    LENGTH
-----------------------------------------------------------------------------------
?C_C51STARTUP                                   -----    -----      -----    -----
  +--> ?PR?MAIN?MAIN
  +--> ?C_INITSEG

?PR?MAIN?MAIN                                   -----    -----      -----    -----
  +--> ?PR?RS485_INIT?RS485_DRIVE
  +--> ?PR?ADC_INIT?ADC_DRIVE
  +--> ?PR?IIC_INIT?IIC_DRIVE
  +--> ?PR?OLED_INIT?OLED_DRIVE
  +--> ?PR?SYSTEM_INIT?LOCK_DRIVE
  +--> ?PR?KEY_INIT?KEY_DRIVE
  +--> ?PR?CYLINDER_INIT?CYLINDER_DRIVE
  +--> ?PR?_EEPROM_WIPE512_DRIVE?EEPROM
  +--> ?PR?_EEPROM_WRITE_BYTE_DRIVE?EEPROM
  +--> ?PR?RS485_DATA_DRIVE?RS485_DRIVE
  +--> ?PR?OLED_ALLOT?MAIN
  +--> ?PR?MACH_RUN_SCAN?LOCK_DRIVE
  +--> ?PR?KEY_ALLOT?MAIN
  +--> ?PR?ADC_ALLOT?MAIN
  +--> ?PR?LED_SER?LED_DRIVE

?PR?RS485_INIT?RS485_DRIVE                      -----    -----      -----    -----
  +--> ?PR?_EEPROM_READ_BYTE_DRIVE?EEPROM

?PR?_EEPROM_READ_BYTE_DRIVE?EEPROM              -----    -----      0013H    0001H

?PR?OLED_INIT?OLED_DRIVE                        -----    -----      -----    -----
  +--> ?PR?DELAY200MS?OLED_DRIVE
  +--> ?PR?_OLED_WRITE_REG?OLED_DRIVE
  +--> ?PR?OLED_DELETE?OLED_DRIVE
  +--> ?PR?_OLED_NEW_SHOW_SER?OLED_DRIVE

?PR?_OLED_WRITE_REG?OLED_DRIVE                  0012H    0001H      -----    -----
  +--> ?PR?IIC_START?IIC_DRIVE
  +--> ?PR?_IIC_WRITE_BYTE?IIC_DRIVE
  +--> ?PR?IIC_READ_ACK?IIC_DRIVE
  +--> ?PR?IIC_STOP?IIC_DRIVE

?PR?IIC_START?IIC_DRIVE                         -----    -----      -----    -----
  +--> ?PR?IIC_DELAY?IIC_DRIVE

?PR?_IIC_WRITE_BYTE?IIC_DRIVE                   -----    -----      0013H    0001H
  +--> ?PR?IIC_DELAY?IIC_DRIVE

?PR?IIC_READ_ACK?IIC_DRIVE                      -----    -----      0013H    0002H
  +--> ?PR?IIC_DELAY?IIC_DRIVE

?PR?IIC_STOP?IIC_DRIVE                          -----    -----      -----    -----
  +--> ?PR?IIC_DELAY?IIC_DRIVE

?PR?OLED_DELETE?OLED_DRIVE                      0008H    0003H      -----    -----
  +--> ?PR?_OLED_WRITE_REG?OLED_DRIVE
  +--> ?PR?IIC_START?IIC_DRIVE
  +--> ?PR?_IIC_WRITE_BYTE?IIC_DRIVE
  +--> ?PR?IIC_READ_ACK?IIC_DRIVE
BL51 BANKED LINKER/LOCATER V6.22                                                      10/06/2023  11:01:56  PAGE 4


  +--> ?PR?IIC_STOP?IIC_DRIVE

?PR?_OLED_NEW_SHOW_SER?OLED_DRIVE               0008H    0007H      -----    -----
  +--> ?PR?_OLED_HZ_SER?OLED_DRIVE
  +--> ?PR?_OLED_SYMBOL_SER?OLED_DRIVE
  +--> ?PR?_OLED_WRITE_DATA?OLED_DRIVE

?PR?_OLED_HZ_SER?OLED_DRIVE                     -----    -----      -----    -----
  +--> ?CO?ASCLL

?PR?_OLED_SYMBOL_SER?OLED_DRIVE                 -----    -----      -----    -----
  +--> ?CO?ASCLL

?PR?_OLED_WRITE_DATA?OLED_DRIVE                 000FH    0003H      -----    -----
  +--> ?PR?_OLED_WRITE_REG?OLED_DRIVE
  +--> ?PR?IIC_START?IIC_DRIVE
  +--> ?PR?_IIC_WRITE_BYTE?IIC_DRIVE
  +--> ?PR?IIC_READ_ACK?IIC_DRIVE
  +--> ?PR?IIC_STOP?IIC_DRIVE

?PR?SYSTEM_INIT?LOCK_DRIVE                      -----    -----      -----    -----
  +--> ?PR?_EEPROM_READ_BYTE_DRIVE?EEPROM

?PR?RS485_DATA_DRIVE?RS485_DRIVE                -----    -----      -----    -----
  +--> ?PR?RS485_RX_DRIVE?RS485_DRIVE
  +--> ?PR?RS485_TX_DRIVE?RS485_DRIVE

?PR?RS485_RX_DRIVE?RS485_DRIVE                  0008H    0001H      -----    -----
  +--> ?PR?_EEPROM_WIPE512_DRIVE?EEPROM
  +--> ?PR?_EEPROM_WRITE_BYTE_DRIVE?EEPROM
  +--> ?PR?_EEPROM_READ_BYTE_DRIVE?EEPROM

?PR?RS485_TX_DRIVE?RS485_DRIVE                  -----    -----      -----    -----
  +--> ?PR?_EEPROM_READ_BYTE_DRIVE?EEPROM

?PR?OLED_ALLOT?MAIN                             -----    -----      -----    -----
  +--> ?PR?_EEPROM_READ_BYTE_DRIVE?EEPROM
  +--> ?PR?_OLED_NEW_SHOW_SER?OLED_DRIVE

?PR?MACH_RUN_SCAN?LOCK_DRIVE                    -----    -----      -----    -----
  +--> ?PR?_CYLINDER_SER?CYLINDER_DRIVE
  +--> ?PR?MOTOR_CURRENT_CALCULATE?ADC_DRIVE
  +--> ?PR?_MOTOR_CURRENT_DETECTION?LOCK_DRIVE
  +--> ?PR?_HALL_CURRENT_DETECTION?LOCK_DRIVE

?PR?MOTOR_CURRENT_CALCULATE?ADC_DRIVE           -----    -----      -----    -----
  +--> ?PR?_ADC_READ_DATA_DRIVE?ADC_DRIVE

?PR?_MOTOR_CURRENT_DETECTION?LOCK_DRIVE         0008H    0002H      -----    -----
  +--> ?PR?MOTOR_CURRENT_CALCULATE?ADC_DRIVE

?PR?_HALL_CURRENT_DETECTION?LOCK_DRIVE          0008H    0005H      -----    -----
  +--> ?PR?HALL_CURRENT_CALCULATE?ADC_DRIVE

?PR?HALL_CURRENT_CALCULATE?ADC_DRIVE            -----    -----      -----    -----
  +--> ?PR?_ADC_READ_DATA_DRIVE?ADC_DRIVE

BL51 BANKED LINKER/LOCATER V6.22                                                      10/06/2023  11:01:56  PAGE 5


?PR?KEY_ALLOT?MAIN                              -----    -----      -----    -----
  +--> ?PR?KEY_SCAN_SER?KEY_DRIVE

?PR?ADC_ALLOT?MAIN                              -----    -----      -----    -----
  +--> ?PR?MOTOR_CURRENT_CALCULATE?ADC_DRIVE
  +--> ?PR?HALL_CURRENT_CALCULATE?ADC_DRIVE



SYMBOL TABLE OF MODULE:  .\Objects\Test bench slave (?C_STARTUP)

  VALUE           TYPE          NAME
  ----------------------------------

  -------         MODULE        ?C_STARTUP
  C:18A2H         SEGMENT       ?C_C51STARTUP
  I:0021H         SEGMENT       ?STACK
  C:0000H         PUBLIC        ?C_STARTUP
  D:00E0H         SYMBOL        ACC
  D:00F0H         SYMBOL        B
  D:0083H         SYMBOL        DPH
  D:0082H         SYMBOL        DPL
  N:0000H         SYMBOL        IBPSTACK
  N:0100H         SYMBOL        IBPSTACKTOP
  N:0080H         SYMBOL        IDATALEN
  C:18A5H         SYMBOL        IDATALOOP
  N:0000H         SYMBOL        PBPSTACK
  N:0100H         SYMBOL        PBPSTACKTOP
  N:0000H         SYMBOL        PDATALEN
  N:0000H         SYMBOL        PDATASTART
  N:0000H         SYMBOL        PPAGE
  N:0000H         SYMBOL        PPAGEENABLE
  D:00A0H         SYMBOL        PPAGE_SFR
  D:0081H         SYMBOL        SP
  C:18A2H         SYMBOL        STARTUP1
  N:0000H         SYMBOL        XBPSTACK
  N:0000H         SYMBOL        XBPSTACKTOP
  N:0000H         SYMBOL        XDATALEN
  N:0000H         SYMBOL        XDATASTART
  C:0000H         LINE#         126
  C:18A2H         LINE#         133
  C:18A4H         LINE#         134
  C:18A5H         LINE#         135
  C:18A6H         LINE#         136
  C:18A8H         LINE#         185
  C:18ABH         LINE#         196
  -------         ENDMOD        ?C_STARTUP

  -------         MODULE        ADC_DRIVE
  C:0000H         SYMBOL        _ICE_DUMMY_
  D:0080H         PUBLIC        P0
  D:0090H         PUBLIC        P1
  D:00A0H         PUBLIC        P2
  B:0090H.2       PUBLIC        Hall
  D:00B0H         PUBLIC        P3
  D:00C0H         PUBLIC        P4
  D:00C8H         PUBLIC        P5
BL51 BANKED LINKER/LOCATER V6.22                                                      10/06/2023  11:01:56  PAGE 6


  D:00E8H         PUBLIC        P6
  D:00F8H         PUBLIC        P7
  D:00A8H         PUBLIC        IE
  D:00BDH         PUBLIC        ADC_RES
  D:00B8H         PUBLIC        IP
  X:00EDH         PUBLIC        ADC_Read_Byte
  D:00D8H         PUBLIC        CCON
  D:00BCH         PUBLIC        ADC_CONTR
  D:0098H         PUBLIC        SCON
  D:0088H         PUBLIC        TCON
  X:00EEH         PUBLIC        ADC_Reference
  C:0003H         PUBLIC        ADC_Init
  C:1C19H         PUBLIC        Hall_Current_Calculate
  X:00EFH         PUBLIC        Hall_Current
  C:174BH         PUBLIC        Motor_Current_Calculate
  X:00F1H         PUBLIC        Motor_Current
  D:009DH         PUBLIC        P1ASF
  C:000EH         PUBLIC        _ADC_Read_Data_Drive
  D:00D0H         PUBLIC        PSW
  -------         PROC          ADC_INIT
  C:0003H         LINE#         9
  C:0003H         LINE#         10
  C:0003H         LINE#         11
  C:0006H         LINE#         12
  C:0009H         LINE#         13
  -------         ENDPROC       ADC_INIT
  -------         PROC          _ADC_READ_DATA_DRIVE
  D:0007H         SYMBOL        ADC_Write_Byte
  C:000EH         LINE#         14
  C:000EH         LINE#         15
  C:000EH         LINE#         16
  C:0013H         LINE#         17
  C:0013H         LINE#         18
  C:0013H         LINE#         19
  C:0018H         LINE#         20
  C:0018H         LINE#         22
  C:001BH         LINE#         23
  C:0021H         LINE#         24
  -------         ENDPROC       _ADC_READ_DATA_DRIVE
  -------         PROC          HALL_CURRENT_CALCULATE
  C:1C19H         LINE#         26
  C:1C19H         LINE#         27
  C:1C19H         LINE#         28
  C:1C1EH         LINE#         29
  C:1C35H         LINE#         30
  C:1C4CH         LINE#         31
  C:1C59H         LINE#         32
  C:1C67H         LINE#         33
  -------         ENDPROC       HALL_CURRENT_CALCULATE
  -------         PROC          MOTOR_CURRENT_CALCULATE
  C:174BH         LINE#         34
  C:174BH         LINE#         35
  C:174BH         LINE#         36
  C:1750H         LINE#         37
  C:1769H         LINE#         38
  C:1787H         LINE#         39
  C:17ABH         LINE#         40
BL51 BANKED LINKER/LOCATER V6.22                                                      10/06/2023  11:01:56  PAGE 7


  C:17C9H         LINE#         41
  C:17ECH         LINE#         42
  -------         ENDPROC       MOTOR_CURRENT_CALCULATE
  -------         ENDMOD        ADC_DRIVE

  -------         MODULE        ASCLL
  C:0000H         SYMBOL        _ICE_DUMMY_
  D:0080H         PUBLIC        P0
  D:0090H         PUBLIC        P1
  D:00A0H         PUBLIC        P2
  D:00B0H         PUBLIC        P3
  D:00C0H         PUBLIC        P4
  D:00C8H         PUBLIC        P5
  D:00E8H         PUBLIC        P6
  D:00F8H         PUBLIC        P7
  D:00A8H         PUBLIC        IE
  D:00B8H         PUBLIC        IP
  D:00D8H         PUBLIC        CCON
  C:0616H         PUBLIC        Hzk
  D:0098H         PUBLIC        SCON
  D:0088H         PUBLIC        TCON
  C:0026H         PUBLIC        F8X16
  D:00D0H         PUBLIC        PSW
  -------         ENDMOD        ASCLL

  -------         MODULE        CYLINDER_DRIVE
  C:0000H         SYMBOL        _ICE_DUMMY_
  D:0080H         PUBLIC        P0
  D:0090H         PUBLIC        P1
  D:00A0H         PUBLIC        P2
  D:00B0H         PUBLIC        P3
  D:00C0H         PUBLIC        P4
  D:00C8H         PUBLIC        P5
  D:00E8H         PUBLIC        P6
  D:00F8H         PUBLIC        P7
  D:00A8H         PUBLIC        IE
  D:00B8H         PUBLIC        IP
  B:00B0H.5       PUBLIC        Cy_Side
  D:00D8H         PUBLIC        CCON
  B:00B0H.7       PUBLIC        Cy_Rear
  B:00B0H.6       PUBLIC        Cy_Front
  D:0098H         PUBLIC        SCON
  D:0088H         PUBLIC        TCON
  C:1F06H         PUBLIC        Cylinder_Init
  C:1D7DH         PUBLIC        _Cylinder_Ser
  D:00D0H         PUBLIC        PSW
  -------         PROC          CYLINDER_INIT
  C:1F06H         LINE#         3
  C:1F06H         LINE#         4
  C:1F06H         LINE#         5
  C:1F08H         LINE#         6
  C:1F0AH         LINE#         7
  C:1F0CH         LINE#         8
  -------         ENDPROC       CYLINDER_INIT
  -------         PROC          _CYLINDER_SER
  D:0007H         SYMBOL        dat
  D:0005H         SYMBOL        instruct
BL51 BANKED LINKER/LOCATER V6.22                                                      10/06/2023  11:01:56  PAGE 8


  C:1D7DH         LINE#         9
  C:1D7DH         LINE#         10
  C:1D7DH         LINE#         13
  C:1D8CH         LINE#         14
  C:1D8CH         LINE#         15
  C:1D92H         LINE#         16
  C:1D98H         LINE#         17
  C:1D9EH         LINE#         18
  C:1D9EH         LINE#         19
  C:1DA3H         LINE#         20
  C:1DA5H         LINE#         21
  C:1DA7H         LINE#         22
  C:1DA7H         LINE#         23
  C:1DA7H         LINE#         26
  -------         ENDPROC       _CYLINDER_SER
  -------         ENDMOD        CYLINDER_DRIVE

  -------         MODULE        EEPROM
  C:0000H         SYMBOL        _ICE_DUMMY_
  D:0080H         PUBLIC        P0
  D:0090H         PUBLIC        P1
  D:00A0H         PUBLIC        P2
  D:00B0H         PUBLIC        P3
  D:00C0H         PUBLIC        P4
  D:00C8H         PUBLIC        P5
  D:00E8H         PUBLIC        P6
  D:00F8H         PUBLIC        P7
  C:1E91H         PUBLIC        _EEPROM_Write_Byte_Drive
  D:00A8H         PUBLIC        IE
  D:00C5H         PUBLIC        IAP_CMD
  D:00B8H         PUBLIC        IP
  D:00C3H         PUBLIC        IAP_ADDRH
  D:00D8H         PUBLIC        CCON
  D:00C4H         PUBLIC        IAP_ADDRL
  D:0098H         PUBLIC        SCON
  D:0088H         PUBLIC        TCON
  C:1EB5H         PUBLIC        _EEPROM_Wipe512_Drive
  D:00C7H         PUBLIC        IAP_CONTR
  D:00C2H         PUBLIC        IAP_DATA
  D:00C6H         PUBLIC        IAP_TRIG
  D:00D0H         PUBLIC        PSW
  C:1E7AH         PUBLIC        _EEPROM_Read_Byte_Drive
  -------         PROC          _EEPROM_WIPE512_DRIVE
  D:0007H         SYMBOL        ADDRH
  C:1EB5H         LINE#         3
  C:1EB5H         LINE#         4
  C:1EB5H         LINE#         5
  C:1EB7H         LINE#         6
  C:1EBAH         LINE#         7
  C:1EBDH         LINE#         8
  C:1EC0H         LINE#         9
  C:1EC3H         LINE#         10
  -------         ENDPROC       _EEPROM_WIPE512_DRIVE
  -------         PROC          _EEPROM_READ_BYTE_DRIVE
  D:0007H         SYMBOL        ADDRH
  D:0005H         SYMBOL        ADDRL
  -------         DO            
BL51 BANKED LINKER/LOCATER V6.22                                                      10/06/2023  11:01:56  PAGE 9


  I:0013H         SYMBOL        DATA
  -------         ENDDO         
  C:1E7AH         LINE#         11
  C:1E7AH         LINE#         12
  C:1E7AH         LINE#         14
  C:1E7CH         LINE#         15
  C:1E7EH         LINE#         16
  C:1E81H         LINE#         17
  C:1E84H         LINE#         18
  C:1E87H         LINE#         19
  C:1E8AH         LINE#         20
  C:1E8EH         LINE#         21
  C:1E90H         LINE#         22
  -------         ENDPROC       _EEPROM_READ_BYTE_DRIVE
  -------         PROC          _EEPROM_WRITE_BYTE_DRIVE
  D:0007H         SYMBOL        ADDRH
  D:0005H         SYMBOL        ADDRL
  D:0003H         SYMBOL        Byte
  C:1E91H         LINE#         23
  C:1E91H         LINE#         24
  C:1E91H         LINE#         25
  C:1E93H         LINE#         26
  C:1E95H         LINE#         27
  C:1E97H         LINE#         28
  C:1E9AH         LINE#         29
  C:1E9DH         LINE#         30
  C:1EA0H         LINE#         31
  C:1EA3H         LINE#         32
  -------         ENDPROC       _EEPROM_WRITE_BYTE_DRIVE
  -------         ENDMOD        EEPROM

  -------         MODULE        IIC_DRIVE
  C:0000H         SYMBOL        _ICE_DUMMY_
  D:0080H         PUBLIC        P0
  D:0090H         PUBLIC        P1
  D:00A0H         PUBLIC        P2
  D:00B0H         PUBLIC        P3
  D:00C0H         PUBLIC        P4
  D:00C8H         PUBLIC        P5
  D:00E8H         PUBLIC        P6
  D:00F8H         PUBLIC        P7
  D:00A8H         PUBLIC        IE
  B:0090H.7       PUBLIC        IIC_SDA
  B:0090H.6       PUBLIC        IIC_SCL
  D:00B8H         PUBLIC        IP
  D:00D8H         PUBLIC        CCON
  D:0098H         PUBLIC        SCON
  D:0088H         PUBLIC        TCON
  C:1DA8H         PUBLIC        _IIC_Write_Byte
  C:1ED3H         PUBLIC        IIC_Start
  C:1EE1H         PUBLIC        IIC_delay
  C:1F0DH         PUBLIC        IIC_Init
  C:1EEEH         PUBLIC        IIC_Stop
  C:1E3DH         PUBLIC        IIC_Read_ACK
  D:00D0H         PUBLIC        PSW
  -------         PROC          IIC_INIT
  C:1F0DH         LINE#         3
BL51 BANKED LINKER/LOCATER V6.22                                                      10/06/2023  11:01:56  PAGE 10


  C:1F0DH         LINE#         4
  C:1F0DH         LINE#         5
  C:1F0FH         LINE#         6
  C:1F11H         LINE#         7
  -------         ENDPROC       IIC_INIT
  -------         PROC          IIC_DELAY
  C:1EE1H         LINE#         8
  C:1EE1H         LINE#         9
  C:1EE1H         LINE#         10
  C:1EE7H         LINE#         11
  C:1EEDH         LINE#         12
  -------         ENDPROC       IIC_DELAY
  -------         PROC          IIC_START
  C:1ED3H         LINE#         13
  C:1ED3H         LINE#         14
  C:1ED3H         LINE#         15
  C:1ED5H         LINE#         16
  C:1ED7H         LINE#         17
  C:1EDAH         LINE#         18
  C:1EDCH         LINE#         19
  C:1EDEH         LINE#         20
  -------         ENDPROC       IIC_START
  -------         PROC          IIC_STOP
  C:1EEEH         LINE#         22
  C:1EEEH         LINE#         23
  C:1EEEH         LINE#         24
  C:1EF0H         LINE#         25
  C:1EF2H         LINE#         26
  C:1EF5H         LINE#         27
  C:1EF7H         LINE#         28
  -------         ENDPROC       IIC_STOP
  -------         PROC          _IIC_WRITE_BYTE
  D:0007H         SYMBOL        IIC_Byte
  -------         DO            
  I:0013H         SYMBOL        i
  -------         ENDDO         
  C:1DA8H         LINE#         30
  C:1DA8H         LINE#         31
  C:1DA8H         LINE#         33
  C:1DAAH         LINE#         34
  C:1DACH         LINE#         35
  C:1DB0H         LINE#         36
  C:1DB0H         LINE#         37
  C:1DB4H         LINE#         38
  C:1DB8H         LINE#         39
  C:1DBAH         LINE#         40
  C:1DBDH         LINE#         41
  C:1DBFH         LINE#         42
  C:1DC2H         LINE#         43
  C:1DCBH         LINE#         44
  C:1DCDH         LINE#         45
  -------         ENDPROC       _IIC_WRITE_BYTE
  -------         PROC          IIC_READ_ACK
  -------         DO            
  I:0013H         SYMBOL        i
  I:0014H         SYMBOL        ack
  -------         ENDDO         
BL51 BANKED LINKER/LOCATER V6.22                                                      10/06/2023  11:01:56  PAGE 11


  C:1E3DH         LINE#         62
  C:1E3DH         LINE#         63
  C:1E3DH         LINE#         64
  C:1E41H         LINE#         65
  C:1E43H         LINE#         66
  C:1E46H         LINE#         67
  C:1E53H         LINE#         68
  C:1E53H         LINE#         69
  C:1E54H         LINE#         70
  C:1E5AH         LINE#         71
  C:1E5CH         LINE#         72
  C:1E5EH         LINE#         73
  C:1E5EH         LINE#         74
  -------         ENDPROC       IIC_READ_ACK
  -------         ENDMOD        IIC_DRIVE

  -------         MODULE        KEY_DRIVE
  C:0000H         SYMBOL        _ICE_DUMMY_
  D:0080H         PUBLIC        P0
  B:00B0H.3       PUBLIC        KEY_Run
  D:0090H         PUBLIC        P1
  D:00A0H         PUBLIC        P2
  D:00B0H         PUBLIC        P3
  D:00C0H         PUBLIC        P4
  D:00C8H         PUBLIC        P5
  D:00E8H         PUBLIC        P6
  D:00F8H         PUBLIC        P7
  D:00A8H         PUBLIC        IE
  D:00B8H         PUBLIC        IP
  X:00F7H         PUBLIC        Key_Save
  X:00F8H         PUBLIC        Read_Byte_key
  D:00D8H         PUBLIC        CCON
  D:0098H         PUBLIC        SCON
  D:0088H         PUBLIC        TCON
  C:1AAFH         PUBLIC        KEY_Scan_Ser
  C:1F12H         PUBLIC        KEY_Init
  D:00D0H         PUBLIC        PSW
  -------         PROC          KEY_INIT
  C:1F12H         LINE#         6
  C:1F12H         LINE#         7
  C:1F12H         LINE#         8
  C:1F14H         LINE#         9
  -------         ENDPROC       KEY_INIT
  -------         PROC          KEY_SCAN_SER
  -------         DO            
  X:00F5H         SYMBOL        count
  X:00F6H         SYMBOL        key_flag
  -------         ENDDO         
  C:1AAFH         LINE#         11
  C:1AAFH         LINE#         12
  C:1AAFH         LINE#         15
  C:1ABAH         LINE#         16
  C:1ABAH         LINE#         17
  C:1AC0H         LINE#         18
  C:1AC6H         LINE#         19
  C:1AC6H         LINE#         20
  C:1AC8H         LINE#         21
BL51 BANKED LINKER/LOCATER V6.22                                                      10/06/2023  11:01:56  PAGE 12


  C:1ACBH         LINE#         22
  C:1ACBH         LINE#         23
  C:1ACDH         LINE#         24
  C:1AD3H         LINE#         25
  C:1AD3H         LINE#         26
  C:1ADCH         LINE#         27
  C:1ADCH         LINE#         28
  C:1AE2H         LINE#         29
  C:1AE7H         LINE#         30
  C:1AECH         LINE#         31
  C:1AECH         LINE#         32
  C:1AEDH         LINE#         34
  C:1AEDH         LINE#         35
  C:1AF6H         LINE#         36
  C:1AF6H         LINE#         37
  C:1AFBH         LINE#         38
  C:1AFFH         LINE#         39
  C:1B03H         LINE#         40
  C:1B03H         LINE#         41
  C:1B03H         LINE#         42
  C:1B03H         LINE#         43
  C:1B03H         LINE#         44
  C:1B04H         LINE#         45
  C:1B07H         LINE#         46
  C:1B07H         LINE#         47
  C:1B0DH         LINE#         48
  C:1B0DH         LINE#         49
  -------         ENDPROC       KEY_SCAN_SER
  -------         ENDMOD        KEY_DRIVE

  -------         MODULE        LED_DRIVE
  C:0000H         SYMBOL        _ICE_DUMMY_
  D:0080H         PUBLIC        P0
  D:0090H         PUBLIC        P1
  D:00A0H         PUBLIC        P2
  D:00B0H         PUBLIC        P3
  D:00C0H         PUBLIC        P4
  D:00C8H         PUBLIC        P5
  D:00E8H         PUBLIC        P6
  D:00F8H         PUBLIC        P7
  B:00C8H.5       PUBLIC        LED_W
  D:00A8H         PUBLIC        IE
  D:00B8H         PUBLIC        IP
  D:00D8H         PUBLIC        CCON
  D:0098H         PUBLIC        SCON
  D:0088H         PUBLIC        TCON
  C:1EFAH         PUBLIC        LED_Ser
  D:00D0H         PUBLIC        PSW
  -------         PROC          LED_SER
  C:1EFAH         LINE#         3
  C:1EFAH         LINE#         4
  C:1EFAH         LINE#         5
  C:1F00H         LINE#         6
  C:1F03H         LINE#         8
  C:1F05H         LINE#         9
  -------         ENDPROC       LED_SER
  -------         ENDMOD        LED_DRIVE
BL51 BANKED LINKER/LOCATER V6.22                                                      10/06/2023  11:01:56  PAGE 13



  -------         MODULE        LOCK_DRIVE
  C:0000H         SYMBOL        _ICE_DUMMY_
  C:1E5FH         PUBLIC        Timer0_Routine
  C:19B2H         PUBLIC        System_Init
  D:0080H         PUBLIC        P0
  D:0090H         PUBLIC        P1
  B:00B0H.4       PUBLIC        Limit
  D:00A0H         PUBLIC        P2
  B:0090H.2       PUBLIC        Hall
  D:00B0H         PUBLIC        P3
  D:00C0H         PUBLIC        P4
  D:00C8H         PUBLIC        P5
  B:00A8H.7       PUBLIC        EA
  D:00E8H         PUBLIC        P6
  D:00F8H         PUBLIC        P7
  B:0020H.1       PUBLIC        Motor_Open
  X:0003H         PUBLIC        Data_count
  B:00C8H.5       PUBLIC        LED_W
  X:0005H         PUBLIC        Stop_Timer
  D:00A8H         PUBLIC        IE
  X:0006H         PUBLIC        Run_Flag
  D:00B8H         PUBLIC        IP
  X:0007H         PUBLIC        Run_Timer
  X:0008H         PUBLIC        Run_State
  X:0009H         PUBLIC        Stable_Motor_Current
  X:000BH         PUBLIC        Run_OK_200
  D:00D8H         PUBLIC        CCON
  D:0098H         PUBLIC        SCON
  D:0089H         PUBLIC        TMOD
  D:0088H         PUBLIC        TCON
  X:000CH         PUBLIC        Set_Num
  D:008EH         PUBLIC        AUXR
  X:000DH         PUBLIC        Run_Num
  B:00A8H.1       PUBLIC        ET0
  X:000EH         PUBLIC        Hall_Current_Buf
  B:0020H.2       PUBLIC        Limit_KEY
  D:008CH         PUBLIC        TH0
  B:0020H.3       PUBLIC        Hall_KEY
  D:008AH         PUBLIC        TL0
  C:1A33H         PUBLIC        _Hall_Current_Detection
  B:0088H.4       PUBLIC        TR0
  X:0010H         PUBLIC        RS485_Num
  X:0011H         PUBLIC        Motor_Current_Buf
  C:1B6BH         PUBLIC        _Motor_Current_Detection
  B:0090H.3       PUBLIC        Mach1_INA
  B:0090H.4       PUBLIC        Mach1_INB
  X:00B1H         PUBLIC        Mach_Count
  X:00B3H         PUBLIC        Version
  B:0020H.4       PUBLIC        Hall_Open
  C:0856H         PUBLIC        Mach_Run_Scan
  D:00D0H         PUBLIC        PSW
  -------         PROC          TIMER0_ROUTINE
  C:1E5FH         LINE#         21
  C:1E65H         LINE#         23
  C:1E73H         LINE#         24
  -------         ENDPROC       TIMER0_ROUTINE
BL51 BANKED LINKER/LOCATER V6.22                                                      10/06/2023  11:01:56  PAGE 14


  -------         PROC          SYSTEM_INIT
  C:19B2H         LINE#         25
  C:19B2H         LINE#         26
  C:19B2H         LINE#         27
  C:19B5H         LINE#         28
  C:19B8H         LINE#         32
  C:19BBH         LINE#         33
  C:19BEH         LINE#         34
  C:19C0H         LINE#         35
  C:19C2H         LINE#         36
  C:19C4H         LINE#         38
  C:19C6H         LINE#         39
  C:19CAH         LINE#         40
  C:19CCH         LINE#         41
  C:19CEH         LINE#         43
  C:19DAH         LINE#         44
  C:19E5H         LINE#         45
  C:19E5H         LINE#         46
  C:19EBH         LINE#         47
  C:19F1H         LINE#         48
  C:19FAH         LINE#         49
  C:19FAH         LINE#         50
  C:19FAH         LINE#         51
  C:19FAH         LINE#         52
  C:19FCH         LINE#         53
  C:1A02H         LINE#         54
  C:1A08H         LINE#         55
  C:1A12H         LINE#         56
  C:1A14H         LINE#         57
  C:1A14H         LINE#         58
  C:1A14H         LINE#         59
  C:1A16H         LINE#         60
  C:1A1CH         LINE#         61
  C:1A22H         LINE#         62
  C:1A2CH         LINE#         63
  C:1A2EH         LINE#         64
  C:1A30H         LINE#         65
  C:1A32H         LINE#         66
  C:1A32H         LINE#         67
  C:1A32H         LINE#         68
  -------         ENDPROC       SYSTEM_INIT
  -------         PROC          _MOTOR_CURRENT_DETECTION
  D:0008H         SYMBOL        Fault_Code
  -------         DO            
  D:0009H         SYMBOL        value
  X:0000H         SYMBOL        count
  -------         ENDDO         
  C:1B6BH         LINE#         69
  C:1B6DH         LINE#         70
  C:1B6DH         LINE#         71
  C:1B70H         LINE#         73
  C:1B73H         LINE#         74
  C:1B73H         LINE#         75
  C:1B76H         LINE#         76
  C:1B95H         LINE#         77
  C:1B95H         LINE#         78
  C:1B9BH         LINE#         79
BL51 BANKED LINKER/LOCATER V6.22                                                      10/06/2023  11:01:56  PAGE 15


  C:1BA0H         LINE#         80
  C:1BA0H         LINE#         81
  C:1BA3H         LINE#         82
  C:1BA6H         LINE#         83
  C:1BA6H         LINE#         84
  C:1BA6H         LINE#         86
  C:1BA6H         LINE#         87
  C:1BABH         LINE#         88
  C:1BABH         LINE#         89
  C:1BABH         LINE#         90
  C:1BBEH         LINE#         91
  C:1BBEH         LINE#         92
  C:1BC3H         LINE#         93
  C:1BC3H         LINE#         94
  C:1BC5H         LINE#         95
  -------         ENDPROC       _MOTOR_CURRENT_DETECTION
  -------         PROC          _HALL_CURRENT_DETECTION
  D:0008H         SYMBOL        Dete
  D:0005H         SYMBOL        Fault_Code
  D:000AH         SYMBOL        Fault_Code1
  D:000BH         SYMBOL        Fault_Code2
  -------         DO            
  D:000CH         SYMBOL        value
  -------         ENDDO         
  C:1A33H         LINE#         96
  C:1A37H         LINE#         97
  C:1A37H         LINE#         98
  C:1A3AH         LINE#         99
  C:1A49H         LINE#         100
  C:1A49H         LINE#         101
  C:1A4CH         LINE#         102
  C:1A4CH         LINE#         103
  C:1A54H         LINE#         104
  C:1A54H         LINE#         105
  C:1A57H         LINE#         106
  C:1A57H         LINE#         107
  C:1A57H         LINE#         108
  C:1A5AH         LINE#         109
  C:1A5AH         LINE#         110
  C:1A61H         LINE#         111
  C:1A61H         LINE#         112
  C:1A65H         LINE#         113
  C:1A65H         LINE#         114
  C:1A65H         LINE#         115
  C:1A68H         LINE#         116
  C:1A68H         LINE#         117
  C:1A6BH         LINE#         118
  C:1A6FH         LINE#         119
  C:1A6FH         LINE#         121
  C:1A88H         LINE#         122
  C:1A88H         LINE#         123
  C:1A88H         LINE#         124
  C:1A88H         LINE#         125
  C:1A8AH         LINE#         126
  C:1A8FH         LINE#         127
  C:1A8FH         LINE#         129
  C:1AA8H         LINE#         130
BL51 BANKED LINKER/LOCATER V6.22                                                      10/06/2023  11:01:56  PAGE 16


  C:1AA8H         LINE#         131
  C:1AACH         LINE#         132
  C:1AACH         LINE#         133
  C:1AACH         LINE#         134
  C:1AACH         LINE#         135
  C:1AACH         LINE#         136
  C:1AAEH         LINE#         137
  -------         ENDPROC       _HALL_CURRENT_DETECTION
  -------         PROC          MACH_RUN_SCAN
  -------         DO            
  X:0001H         SYMBOL        Mode
  X:0002H         SYMBOL        Count_Save
  B:0020H.0       SYMBOL        One_Flag
  -------         ENDDO         
  C:0856H         LINE#         138
  C:0856H         LINE#         139
  C:0856H         LINE#         143
  C:0876H         LINE#         144
  C:0876H         LINE#         145
  C:087EH         LINE#         146
  C:087EH         LINE#         147
  C:087EH         LINE#         148
  C:0898H         LINE#         149
  C:0898H         LINE#         150
  C:0898H         LINE#         151
  C:089FH         LINE#         152
  C:08B9H         LINE#         153
  C:08B9H         LINE#         154
  C:08B9H         LINE#         155
  C:08B9H         LINE#         156
  C:08B9H         LINE#         157
  C:08B9H         LINE#         158
  C:08BCH         LINE#         159
  C:08BCH         LINE#         160
  C:08C0H         LINE#         161
  C:08D3H         LINE#         162
  C:08D3H         LINE#         163
  C:08D8H         LINE#         164
  C:08DBH         LINE#         165
  C:08EFH         LINE#         166
  C:08EFH         LINE#         167
  C:0909H         LINE#         168
  C:0909H         LINE#         169
  C:0909H         LINE#         170
  C:0909H         LINE#         171
  C:0909H         LINE#         172
  C:0909H         LINE#         173
  C:090CH         LINE#         174
  C:090CH         LINE#         175
  C:0910H         LINE#         176
  C:092AH         LINE#         177
  C:092AH         LINE#         178
  C:092AH         LINE#         179
  C:092AH         LINE#         180
  C:092AH         LINE#         181
  C:092AH         LINE#         182
  C:092DH         LINE#         183
BL51 BANKED LINKER/LOCATER V6.22                                                      10/06/2023  11:01:56  PAGE 17


  C:092DH         LINE#         184
  C:0934H         LINE#         185
  C:093BH         LINE#         186
  C:0955H         LINE#         187
  C:0955H         LINE#         188
  C:095AH         LINE#         189
  C:0960H         LINE#         190
  C:0963H         LINE#         191
  C:0963H         LINE#         192
  C:0963H         LINE#         193
  C:0966H         LINE#         194
  C:0966H         LINE#         195
  C:0966H         LINE#         196
  C:0966H         LINE#         197
  C:0966H         LINE#         198
  C:0966H         LINE#         199
  C:0977H         LINE#         200
  C:0977H         LINE#         201
  C:0977H         LINE#         202
  C:0991H         LINE#         203
  C:0991H         LINE#         204
  C:0996H         LINE#         205
  C:0996H         LINE#         206
  C:0996H         LINE#         207
  C:0999H         LINE#         208
  C:0999H         LINE#         209
  C:09A0H         LINE#         210
  C:09BAH         LINE#         211
  C:09BAH         LINE#         212
  C:09BFH         LINE#         213
  C:09BFH         LINE#         214
  C:09BFH         LINE#         215
  C:09C2H         LINE#         216
  C:09C2H         LINE#         217
  C:09C9H         LINE#         218
  C:09D0H         LINE#         219
  C:09EAH         LINE#         220
  C:09EAH         LINE#         221
  C:09EFH         LINE#         222
  C:09F5H         LINE#         223
  C:09FBH         LINE#         224
  C:09FBH         LINE#         225
  C:09FCH         LINE#         226
  C:09FCH         LINE#         227
  C:09FCH         LINE#         228
  C:09FCH         LINE#         229
  C:09FCH         LINE#         230
  C:09FCH         LINE#         231
  C:09FFH         LINE#         232
  C:09FFH         LINE#         233
  C:0A01H         LINE#         234
  C:0A01H         LINE#         235
  C:0A04H         LINE#         237
  C:0A04H         LINE#         238
  C:0A27H         LINE#         239
  C:0A27H         LINE#         240
  C:0A27H         LINE#         241
BL51 BANKED LINKER/LOCATER V6.22                                                      10/06/2023  11:01:56  PAGE 18


  C:0A41H         LINE#         242
  C:0A41H         LINE#         243
  C:0A47H         LINE#         244
  C:0A4EH         LINE#         245
  C:0A52H         LINE#         246
  C:0A52H         LINE#         247
  C:0A53H         LINE#         248
  C:0A53H         LINE#         249
  C:0A5AH         LINE#         250
  C:0A61H         LINE#         251
  C:0A65H         LINE#         252
  C:0A7FH         LINE#         253
  C:0A7FH         LINE#         254
  C:0A84H         LINE#         255
  C:0A84H         LINE#         256
  C:0A84H         LINE#         257
  C:0A86H         LINE#         258
  C:0A86H         LINE#         259
  C:0A8AH         LINE#         260
  C:0AA4H         LINE#         261
  C:0AA4H         LINE#         262
  C:0AA9H         LINE#         263
  C:0AA9H         LINE#         264
  C:0AA9H         LINE#         265
  C:0AABH         LINE#         266
  C:0AABH         LINE#         267
  C:0AB2H         LINE#         268
  C:0ACCH         LINE#         269
  C:0ACCH         LINE#         270
  C:0AD1H         LINE#         271
  C:0AD1H         LINE#         272
  C:0AD1H         LINE#         273
  C:0AD3H         LINE#         274
  C:0AD3H         LINE#         275
  C:0AD7H         LINE#         276
  C:0AF1H         LINE#         277
  C:0AF1H         LINE#         278
  C:0AF7H         LINE#         279
  C:0AF8H         LINE#         280
  C:0AF8H         LINE#         281
  C:0AFBH         LINE#         282
  C:0AFBH         LINE#         283
  C:0AFFH         LINE#         284
  C:0B19H         LINE#         285
  C:0B19H         LINE#         286
  C:0B1EH         LINE#         287
  C:0B24H         LINE#         288
  C:0B28H         LINE#         289
  C:0B2AH         LINE#         290
  C:0B35H         LINE#         291
  C:0B3BH         LINE#         292
  C:0B3BH         LINE#         293
  C:0B3CH         LINE#         294
  C:0B3CH         LINE#         295
  C:0B3CH         LINE#         296
  C:0B3CH         LINE#         297
  C:0B3CH         LINE#         298
BL51 BANKED LINKER/LOCATER V6.22                                                      10/06/2023  11:01:56  PAGE 19


  C:0B3CH         LINE#         299
  C:0B3CH         LINE#         300
  C:0B64H         LINE#         301
  C:0B64H         LINE#         302
  C:0B64H         LINE#         303
  C:0B68H         LINE#         304
  C:0B7BH         LINE#         305
  C:0B7BH         LINE#         306
  C:0B80H         LINE#         307
  C:0B93H         LINE#         308
  C:0B93H         LINE#         309
  C:0BADH         LINE#         310
  C:0BADH         LINE#         311
  C:0BB3H         LINE#         312
  C:0BB6H         LINE#         313
  C:0BB6H         LINE#         314
  C:0BB6H         LINE#         315
  C:0BB9H         LINE#         316
  C:0BB9H         LINE#         317
  C:0BBDH         LINE#         318
  C:0BD0H         LINE#         319
  C:0BD0H         LINE#         320
  C:0BD5H         LINE#         321
  C:0BEFH         LINE#         323
  C:0BF5H         LINE#         324
  C:0BF5H         LINE#         325
  C:0BFEH         LINE#         326
  C:0BFEH         LINE#         327
  C:0BFEH         LINE#         329
  C:0C18H         LINE#         330
  C:0C18H         LINE#         331
  C:0C1EH         LINE#         332
  C:0C21H         LINE#         333
  C:0C21H         LINE#         334
  C:0C21H         LINE#         335
  C:0C24H         LINE#         336
  C:0C24H         LINE#         337
  C:0C28H         LINE#         338
  C:0C3BH         LINE#         339
  C:0C3BH         LINE#         340
  C:0C40H         LINE#         341
  C:0C53H         LINE#         342
  C:0C53H         LINE#         343
  C:0C6DH         LINE#         344
  C:0C6DH         LINE#         345
  C:0C73H         LINE#         346
  C:0C76H         LINE#         347
  C:0C76H         LINE#         348
  C:0C76H         LINE#         349
  C:0C78H         LINE#         350
  C:0C78H         LINE#         351
  C:0C7CH         LINE#         352
  C:0C8FH         LINE#         353
  C:0C8FH         LINE#         354
  C:0C94H         LINE#         355
  C:0CAEH         LINE#         357
  C:0CB4H         LINE#         358
BL51 BANKED LINKER/LOCATER V6.22                                                      10/06/2023  11:01:56  PAGE 20


  C:0CB4H         LINE#         359
  C:0CBDH         LINE#         360
  C:0CBDH         LINE#         361
  C:0CBDH         LINE#         363
  C:0CD7H         LINE#         364
  C:0CD7H         LINE#         365
  C:0CDDH         LINE#         366
  C:0CE0H         LINE#         367
  C:0CE6H         LINE#         368
  C:0CE6H         LINE#         369
  C:0CE7H         LINE#         370
  C:0CE7H         LINE#         371
  C:0CEDH         LINE#         372
  C:0CF9H         LINE#         373
  C:0CF9H         LINE#         374
  C:0CFFH         LINE#         375
  C:0D04H         LINE#         376
  C:0D05H         LINE#         378
  C:0D0AH         LINE#         379
  C:0D0BH         LINE#         380
  C:0D0BH         LINE#         381
  C:0D11H         LINE#         382
  C:0D11H         LINE#         383
  C:0D16H         LINE#         384
  C:0D1AH         LINE#         385
  C:0D20H         LINE#         386
  C:0D28H         LINE#         387
  C:0D28H         LINE#         388
  C:0D28H         LINE#         389
  C:0D28H         LINE#         390
  C:0D2BH         LINE#         391
  C:0D33H         LINE#         392
  C:0D33H         LINE#         393
  C:0D33H         LINE#         394
  C:0D33H         LINE#         395
  C:0D36H         LINE#         396
  C:0D44H         LINE#         397
  C:0D44H         LINE#         398
  C:0D4BH         LINE#         399
  C:0D51H         LINE#         400
  C:0D56H         LINE#         401
  C:0D72H         LINE#         402
  C:0D72H         LINE#         403
  C:0D78H         LINE#         404
  C:0D7EH         LINE#         405
  C:0D7FH         LINE#         407
  C:0D7FH         LINE#         408
  C:0D85H         LINE#         409
  C:0D8BH         LINE#         410
  C:0D8BH         LINE#         421
  C:0D8BH         LINE#         422
  C:0D8CH         LINE#         423
  C:0D8CH         LINE#         424
  C:0D95H         LINE#         425
  C:0D95H         LINE#         426
  C:0D9BH         LINE#         427
  C:0D9BH         LINE#         428
BL51 BANKED LINKER/LOCATER V6.22                                                      10/06/2023  11:01:56  PAGE 21


  C:0DA0H         LINE#         429
  C:0DA4H         LINE#         430
  C:0DA8H         LINE#         431
  C:0DAEH         LINE#         432
  C:0DB6H         LINE#         433
  C:0DB6H         LINE#         434
  C:0DBCH         LINE#         435
  C:0DBEH         LINE#         436
  C:0DBFH         LINE#         437
  C:0DC4H         LINE#         438
  C:0DC4H         LINE#         439
  C:0DCAH         LINE#         440
  C:0DCAH         LINE#         441
  C:0DCAH         LINE#         442
  C:0DCBH         LINE#         443
  C:0DDFH         LINE#         444
  C:0DDFH         LINE#         445
  C:0DE4H         LINE#         446
  C:0DE8H         LINE#         447
  C:0DEEH         LINE#         448
  C:0DF6H         LINE#         449
  C:0DF6H         LINE#         450
  C:0DFCH         LINE#         451
  C:0DFEH         LINE#         452
  C:0E00H         LINE#         453
  C:0E04H         LINE#         454
  C:0E04H         LINE#         455
  C:0E0AH         LINE#         456
  C:0E0AH         LINE#         459
  C:0E10H         LINE#         460
  C:0E16H         LINE#         462
  C:0E16H         LINE#         463
  C:0E16H         LINE#         464
  C:0E16H         LINE#         465
  C:0E16H         LINE#         466
  C:0E16H         LINE#         467
  C:0E16H         LINE#         468
  -------         ENDPROC       MACH_RUN_SCAN
  -------         ENDMOD        LOCK_DRIVE

  -------         MODULE        MAIN
  C:0000H         SYMBOL        _ICE_DUMMY_
  D:0092H         PUBLIC        P1M0
  D:0091H         PUBLIC        P1M1
  D:0080H         PUBLIC        P0
  D:00B2H         PUBLIC        P3M0
  D:0090H         PUBLIC        P1
  B:00B0H.4       PUBLIC        Limit
  D:00B1H         PUBLIC        P3M1
  D:00A0H         PUBLIC        P2
  B:0090H.2       PUBLIC        Hall
  D:00CAH         PUBLIC        P5M0
  D:00B0H         PUBLIC        P3
  D:00C9H         PUBLIC        P5M1
  D:00C0H         PUBLIC        P4
  C:0E17H         PUBLIC        OLED_Allot
  D:00C8H         PUBLIC        P5
BL51 BANKED LINKER/LOCATER V6.22                                                      10/06/2023  11:01:56  PAGE 22


  D:00E8H         PUBLIC        P6
  D:00F8H         PUBLIC        P7
  B:00C8H.5       PUBLIC        LED_W
  D:00A8H         PUBLIC        IE
  D:00B8H         PUBLIC        IP
  D:00D8H         PUBLIC        CCON
  C:1C68H         PUBLIC        main
  C:1CB6H         PUBLIC        ADC_Allot
  D:0098H         PUBLIC        SCON
  D:0088H         PUBLIC        TCON
  C:1D42H         PUBLIC        KEY_Allot
  B:0090H.3       PUBLIC        Mach1_INA
  B:0090H.4       PUBLIC        Mach1_INB
  D:00D0H         PUBLIC        PSW
  -------         PROC          OLED_ALLOT
  -------         DO            
  X:00F9H         SYMBOL        OLED_Count
  -------         ENDDO         
  C:0E17H         LINE#         3
  C:0E17H         LINE#         4
  C:0E17H         LINE#         6
  C:0E1DH         LINE#         7
  C:0E4FH         LINE#         8
  C:0E4FH         LINE#         9
  C:0E68H         LINE#         10
  C:0EA0H         LINE#         11
  C:0EA6H         LINE#         12
  C:0EB5H         LINE#         13
  C:0EBBH         LINE#         14
  C:0ECAH         LINE#         15
  C:0ED3H         LINE#         16
  C:0EDDH         LINE#         17
  C:0EDFH         LINE#         18
  C:0EE5H         LINE#         19
  C:0EF3H         LINE#         20
  C:0EF9H         LINE#         21
  C:0F07H         LINE#         22
  C:0F10H         LINE#         23
  C:0F1AH         LINE#         24
  C:0F1CH         LINE#         25
  C:0F23H         LINE#         26
  C:0F31H         LINE#         27
  C:0F38H         LINE#         28
  C:0F46H         LINE#         29
  C:0F51H         LINE#         30
  C:0F5CH         LINE#         31
  C:0F5FH         LINE#         33
  C:0F7CH         LINE#         34
  C:0FA9H         LINE#         36
  C:0FDFH         LINE#         37
  C:0FE2H         LINE#         38
  C:0FEAH         LINE#         40
  C:0FFAH         LINE#         41
  C:0FFCH         LINE#         42
  C:0FFFH         LINE#         43
  C:1007H         LINE#         45
  C:1017H         LINE#         46
BL51 BANKED LINKER/LOCATER V6.22                                                      10/06/2023  11:01:56  PAGE 23


  C:1019H         LINE#         56
  C:1031H         LINE#         58
  C:1052H         LINE#         59
  C:1052H         LINE#         60
  C:1058H         LINE#         61
  C:1066H         LINE#         63
  C:1079H         LINE#         64
  C:1079H         LINE#         65
  C:107EH         LINE#         89
  C:107EH         LINE#         90
  -------         ENDPROC       OLED_ALLOT
  -------         PROC          KEY_ALLOT
  C:1D42H         LINE#         91
  C:1D42H         LINE#         92
  C:1D42H         LINE#         93
  C:1D45H         LINE#         94
  C:1D45H         LINE#         95
  C:1D48H         LINE#         96
  C:1D48H         LINE#         97
  C:1D50H         LINE#         98
  C:1D50H         LINE#         99
  C:1D56H         LINE#         100
  C:1D5BH         LINE#         101
  C:1D5DH         LINE#         102
  C:1D61H         LINE#         103
  C:1D65H         LINE#         104
  C:1D67H         LINE#         105
  C:1D69H         LINE#         106
  C:1D6DH         LINE#         107
  C:1D6DH         LINE#         108
  C:1D73H         LINE#         109
  C:1D77H         LINE#         110
  C:1D77H         LINE#         111
  C:1D7CH         LINE#         112
  -------         ENDPROC       KEY_ALLOT
  -------         PROC          ADC_ALLOT
  -------         DO            
  X:00FAH         SYMBOL        count
  -------         ENDDO         
  C:1CB6H         LINE#         113
  C:1CB6H         LINE#         114
  C:1CB6H         LINE#         116
  C:1CC4H         LINE#         117
  C:1CD0H         LINE#         118
  C:1CD0H         LINE#         119
  C:1CD6H         LINE#         120
  C:1CD6H         LINE#         121
  C:1CDCH         LINE#         122
  C:1CDCH         LINE#         123
  C:1CDFH         LINE#         124
  C:1CE7H         LINE#         125
  C:1CE9H         LINE#         127
  C:1CE9H         LINE#         128
  C:1CECH         LINE#         129
  C:1CECH         LINE#         130
  C:1CECH         LINE#         131
  C:1CECH         LINE#         132
BL51 BANKED LINKER/LOCATER V6.22                                                      10/06/2023  11:01:56  PAGE 24


  C:1CFBH         LINE#         133
  C:1CFBH         LINE#         134
  C:1CFFH         LINE#         135
  C:1CFFH         LINE#         136
  -------         ENDPROC       ADC_ALLOT
  -------         PROC          MAIN
  C:1C68H         LINE#         137
  C:1C68H         LINE#         138
  C:1C68H         LINE#         139
  C:1C6DH         LINE#         140
  C:1C72H         LINE#         141
  C:1C76H         LINE#         142
  C:1C79H         LINE#         143
  C:1C7CH         LINE#         144
  C:1C7FH         LINE#         145
  C:1C82H         LINE#         146
  C:1C85H         LINE#         147
  C:1C88H         LINE#         148
  C:1C8BH         LINE#         150
  C:1C90H         LINE#         151
  C:1C99H         LINE#         152
  C:1CA2H         LINE#         154
  C:1CA2H         LINE#         155
  C:1CA2H         LINE#         156
  C:1CA5H         LINE#         157
  C:1CA8H         LINE#         158
  C:1CABH         LINE#         159
  C:1CAEH         LINE#         160
  C:1CB1H         LINE#         161
  C:1CB4H         LINE#         162
  -------         ENDPROC       MAIN
  -------         ENDMOD        MAIN

  -------         MODULE        OLED_DRIVE
  C:0000H         SYMBOL        _ICE_DUMMY_
  D:0080H         PUBLIC        P0
  D:0090H         PUBLIC        P1
  D:00A0H         PUBLIC        P2
  D:00B0H         PUBLIC        P3
  D:00C0H         PUBLIC        P4
  D:00C8H         PUBLIC        P5
  D:00E8H         PUBLIC        P6
  D:00F8H         PUBLIC        P7
  C:168AH         PUBLIC        _OLED_Symbol_Ser
  D:00A8H         PUBLIC        IE
  C:1DD3H         PUBLIC        _OLED_Write_Reg
  D:00B8H         PUBLIC        IP
  C:1594H         PUBLIC        OLED_Init
  D:00D8H         PUBLIC        CCON
  C:1B0EH         PUBLIC        _OLED_HZ_Ser
  D:0098H         PUBLIC        SCON
  D:0088H         PUBLIC        TCON
  C:1DF7H         PUBLIC        _OLED_New_Show_Ser
  X:00B4H         PUBLIC        OLED_Write_Buffer
  X:00D4H         PUBLIC        OLED_Modify_Allow
  C:1BC6H         PUBLIC        OLED_Delete
  C:1EC4H         PUBLIC        Delay200ms
BL51 BANKED LINKER/LOCATER V6.22                                                      10/06/2023  11:01:56  PAGE 25


  C:192EH         PUBLIC        _OLED_Write_Data
  B:00C8H.4       PUBLIC        OLED_RES
  D:00D0H         PUBLIC        PSW
  -------         PROC          L?0052
  -------         ENDPROC       L?0052
  -------         PROC          _OLED_WRITE_REG
  D:0012H         SYMBOL        Command
  C:1DD3H         LINE#         6
  C:1DD5H         LINE#         7
  C:1DD5H         LINE#         8
  C:1DD8H         LINE#         9
  C:1DDDH         LINE#         10
  C:1DE0H         LINE#         11
  C:1DE5H         LINE#         12
  C:1DE8H         LINE#         13
  C:1DEDH         LINE#         14
  C:1DF0H         LINE#         15
  -------         ENDPROC       _OLED_WRITE_REG
  -------         PROC          _OLED_SYMBOL_SER
  D:0007H         SYMBOL        dat1
  D:0004H         SYMBOL        dat2
  -------         DO            
  D:0005H         SYMBOL        i
  D:0007H         SYMBOL        Value1
  D:0006H         SYMBOL        Value2
  -------         ENDDO         
  C:168AH         LINE#         18
  C:168AH         LINE#         19
  C:168AH         LINE#         21
  C:168EH         LINE#         22
  C:1692H         LINE#         23
  C:1694H         LINE#         24
  C:1694H         LINE#         28
  C:16BCH         LINE#         29
  C:16C0H         LINE#         30
  C:16C2H         LINE#         31
  C:16C2H         LINE#         35
  C:16EAH         LINE#         36
  C:16EEH         LINE#         37
  C:16F0H         LINE#         38
  C:16F0H         LINE#         42
  C:1718H         LINE#         43
  C:171CH         LINE#         44
  C:171EH         LINE#         45
  C:171EH         LINE#         49
  C:1746H         LINE#         50
  C:174AH         LINE#         51
  -------         ENDPROC       _OLED_SYMBOL_SER
  -------         PROC          _OLED_HZ_SER
  D:0007H         SYMBOL        dat
  -------         DO            
  D:0006H         SYMBOL        i
  -------         ENDDO         
  C:1B0EH         LINE#         53
  C:1B0EH         LINE#         54
  C:1B0EH         LINE#         56
  C:1B10H         LINE#         57
BL51 BANKED LINKER/LOCATER V6.22                                                      10/06/2023  11:01:56  PAGE 26


  C:1B10H         LINE#         61
  C:1B38H         LINE#         62
  C:1B3CH         LINE#         63
  C:1B3EH         LINE#         64
  C:1B3EH         LINE#         68
  C:1B66H         LINE#         70
  C:1B6AH         LINE#         71
  -------         ENDPROC       _OLED_HZ_SER
  -------         PROC          _OLED_WRITE_DATA
  D:000FH         SYMBOL        PAGE
  D:0010H         SYMBOL        SEG16
  -------         DO            
  D:0011H         SYMBOL        i
  -------         ENDDO         
  C:192EH         LINE#         72
  C:1932H         LINE#         73
  C:1932H         LINE#         75
  C:193AH         LINE#         76
  C:193DH         LINE#         77
  C:1940H         LINE#         78
  C:1945H         LINE#         79
  C:1948H         LINE#         80
  C:194DH         LINE#         81
  C:1950H         LINE#         82
  C:1953H         LINE#         83
  C:1953H         LINE#         84
  C:1963H         LINE#         85
  C:1966H         LINE#         86
  C:196FH         LINE#         87
  C:1972H         LINE#         89
  C:197AH         LINE#         90
  C:197DH         LINE#         91
  C:1980H         LINE#         92
  C:1985H         LINE#         93
  C:1988H         LINE#         94
  C:198DH         LINE#         95
  C:1990H         LINE#         96
  C:1993H         LINE#         97
  C:1993H         LINE#         98
  C:19A3H         LINE#         99
  C:19A6H         LINE#         100
  C:19AFH         LINE#         101
  -------         ENDPROC       _OLED_WRITE_DATA
  -------         PROC          L?0053
  -------         ENDPROC       L?0053
  -------         PROC          _OLED_NEW_SHOW_SER
  D:0001H         SYMBOL        PAGE
  D:0009H         SYMBOL        SEG16
  D:0002H         SYMBOL        dat1
  D:000DH         SYMBOL        dat2
  C:1DF7H         LINE#         104
  C:1DFDH         LINE#         105
  C:1DFDH         LINE#         106
  C:1E01H         LINE#         107
  C:1E01H         LINE#         109
  C:1E06H         LINE#         110
  C:1E08H         LINE#         112
BL51 BANKED LINKER/LOCATER V6.22                                                      10/06/2023  11:01:56  PAGE 27


  C:1E08H         LINE#         114
  C:1E11H         LINE#         115
  C:1E11H         LINE#         116
  -------         ENDPROC       _OLED_NEW_SHOW_SER
  -------         PROC          OLED_DELETE
  -------         DO            
  D:0008H         SYMBOL        i
  D:0009H         SYMBOL        j
  D:000AH         SYMBOL        k
  -------         ENDDO         
  C:1BC6H         LINE#         118
  C:1BC6H         LINE#         119
  C:1BC6H         LINE#         121
  C:1BC9H         LINE#         122
  C:1BC9H         LINE#         123
  C:1BCCH         LINE#         124
  C:1BCCH         LINE#         125
  C:1BD4H         LINE#         126
  C:1BDCH         LINE#         127
  C:1BDFH         LINE#         128
  C:1BE4H         LINE#         129
  C:1BE7H         LINE#         130
  C:1BECH         LINE#         131
  C:1BEFH         LINE#         132
  C:1BF2H         LINE#         133
  C:1BF2H         LINE#         134
  C:1BF7H         LINE#         135
  C:1BFAH         LINE#         136
  C:1C03H         LINE#         137
  C:1C06H         LINE#         138
  C:1C0FH         LINE#         139
  C:1C18H         LINE#         140
  -------         ENDPROC       OLED_DELETE
  -------         PROC          DELAY200MS
  -------         DO            
  D:0007H         SYMBOL        i
  D:0006H         SYMBOL        j
  D:0005H         SYMBOL        k
  -------         ENDDO         
  C:1EC4H         LINE#         141
  C:1EC4H         LINE#         142
  C:1EC4H         LINE#         145
  C:1EC5H         LINE#         146
  C:1EC6H         LINE#         147
  C:1EC8H         LINE#         148
  C:1ECAH         LINE#         149
  C:1ECCH         LINE#         151
  C:1ECCH         LINE#         153
  C:1ECCH         LINE#         154
  C:1ECEH         LINE#         155
  C:1ED0H         LINE#         156
  C:1ED2H         LINE#         157
  -------         ENDPROC       DELAY200MS
  -------         PROC          OLED_INIT
  C:1594H         LINE#         158
  C:1594H         LINE#         159
  C:1594H         LINE#         160
BL51 BANKED LINKER/LOCATER V6.22                                                      10/06/2023  11:01:56  PAGE 28


  C:1596H         LINE#         161
  C:1599H         LINE#         162
  C:159BH         LINE#         164
  C:15A0H         LINE#         166
  C:15A5H         LINE#         168
  C:15AAH         LINE#         169
  C:15AFH         LINE#         171
  C:15B4H         LINE#         173
  C:15B9H         LINE#         175
  C:15BEH         LINE#         177
  C:15C3H         LINE#         179
  C:15C8H         LINE#         181
  C:15CDH         LINE#         183
  C:15D2H         LINE#         184
  C:15D7H         LINE#         186
  C:15DCH         LINE#         187
  C:15E1H         LINE#         189
  C:15E6H         LINE#         190
  C:15EBH         LINE#         192
  C:15F0H         LINE#         193
  C:15F5H         LINE#         195
  C:15FAH         LINE#         196
  C:15FFH         LINE#         198
  C:1604H         LINE#         199
  C:1609H         LINE#         201
  C:160EH         LINE#         202
  C:1613H         LINE#         204
  C:1618H         LINE#         205
  C:161DH         LINE#         207
  C:1620H         LINE#         210
  C:162DH         LINE#         211
  C:163DH         LINE#         213
  C:164DH         LINE#         214
  C:165AH         LINE#         222
  C:166CH         LINE#         224
  C:1679H         LINE#         225
  -------         ENDPROC       OLED_INIT
  -------         ENDMOD        OLED_DRIVE

  -------         MODULE        RS485_DRIVE
  C:0000H         SYMBOL        _ICE_DUMMY_
  D:0080H         PUBLIC        P0
  X:00D7H         PUBLIC        Current_Device_Return
  D:0090H         PUBLIC        P1
  C:1D00H         PUBLIC        RS485_Rountine
  C:1EA4H         PUBLIC        RS485_Data_Drive
  D:00A0H         PUBLIC        P2
  D:00B0H         PUBLIC        P3
  D:00C0H         PUBLIC        P4
  D:00C8H         PUBLIC        P5
  B:00A8H.7       PUBLIC        EA
  D:00E8H         PUBLIC        P6
  D:00F8H         PUBLIC        P7
  D:00A8H         PUBLIC        IE
  X:00D8H         PUBLIC        Data_END_Flag
  B:00A8H.4       PUBLIC        ES
  D:00B8H         PUBLIC        IP
BL51 BANKED LINKER/LOCATER V6.22                                                      10/06/2023  11:01:56  PAGE 29


  B:0098H.0       PUBLIC        RI
  B:0098H.1       PUBLIC        TI
  X:00D9H         PUBLIC        RS485_Flag
  D:00D8H         PUBLIC        CCON
  X:00DAH         PUBLIC        Front_Device_Return
  C:107FH         PUBLIC        RS485_RX_Drive
  D:0099H         PUBLIC        SBUF
  C:145AH         PUBLIC        RS485_TX_Drive
  D:0098H         PUBLIC        SCON
  B:00B0H.2       PUBLIC        RS485_ReadWrite
  D:0088H         PUBLIC        TCON
  C:1E18H         PUBLIC        RS485_Init
  X:00DBH         PUBLIC        RS485_Up_Num_Buffer
  B:0020H.5       PUBLIC        Slave_NO_ONE
  D:008EH         PUBLIC        AUXR
  B:0020H.6       PUBLIC        RS485_Busy
  D:00D6H         PUBLIC        T2H
  D:00D7H         PUBLIC        T2L
  X:00EAH         PUBLIC        send_cnt
  X:00ECH         PUBLIC        RxLen
  D:00D0H         PUBLIC        PSW
  -------         PROC          RS485_INIT
  C:1E18H         LINE#         13
  C:1E18H         LINE#         14
  C:1E18H         LINE#         15
  C:1E1BH         LINE#         16
  C:1E1EH         LINE#         17
  C:1E21H         LINE#         18
  C:1E24H         LINE#         19
  C:1E27H         LINE#         21
  C:1E29H         LINE#         22
  C:1E2BH         LINE#         24
  C:1E2DH         LINE#         25
  C:1E37H         LINE#         26
  C:1E37H         LINE#         27
  C:1E39H         LINE#         28
  C:1E3AH         LINE#         30
  C:1E3AH         LINE#         31
  C:1E3CH         LINE#         32
  C:1E3CH         LINE#         33
  -------         ENDPROC       RS485_INIT
  -------         PROC          RS485_ROUNTINE
  C:1D00H         LINE#         35
  C:1D08H         LINE#         37
  C:1D0BH         LINE#         38
  C:1D0BH         LINE#         39
  C:1D0DH         LINE#         40
  C:1D0FH         LINE#         41
  C:1D1FH         LINE#         42
  C:1D25H         LINE#         43
  C:1D2CH         LINE#         44
  C:1D2EH         LINE#         45
  C:1D31H         LINE#         46
  C:1D31H         LINE#         47
  C:1D33H         LINE#         48
  C:1D39H         LINE#         49
  C:1D39H         LINE#         50
BL51 BANKED LINKER/LOCATER V6.22                                                      10/06/2023  11:01:56  PAGE 30


  -------         ENDPROC       RS485_ROUNTINE
  -------         PROC          RS485_TX_DRIVE
  -------         DO            
  X:00D5H         SYMBOL        count
  X:00D6H         SYMBOL        num
  -------         ENDDO         
  C:145AH         LINE#         51
  C:145AH         LINE#         52
  C:145AH         LINE#         56
  C:145CH         LINE#         57
  C:1462H         LINE#         58
  C:14A5H         LINE#         59
  C:14A5H         LINE#         60
  C:14AAH         LINE#         61
  C:14AFH         LINE#         62
  C:14B3H         LINE#         63
  C:14BFH         LINE#         64
  C:14C8H         LINE#         66
  C:14C8H         LINE#         69
  C:14CBH         LINE#         70
  C:14CBH         LINE#         72
  C:14CDH         LINE#         73
  C:14CDH         LINE#         76
  C:14D0H         LINE#         77
  C:14D0H         LINE#         79
  C:14D2H         LINE#         80
  C:14E0H         LINE#         81
  C:14E0H         LINE#         82
  C:14E3H         LINE#         83
  C:14EBH         LINE#         84
  C:14EEH         LINE#         85
  C:14F1H         LINE#         86
  C:14F1H         LINE#         87
  C:14F4H         LINE#         89
  C:14F4H         LINE#         90
  C:14FAH         LINE#         91
  C:14FAH         LINE#         92
  C:14FBH         LINE#         93
  C:1511H         LINE#         94
  C:1511H         LINE#         95
  C:1514H         LINE#         96
  C:151CH         LINE#         97
  C:151FH         LINE#         98
  C:1522H         LINE#         99
  C:1522H         LINE#         100
  C:1522H         LINE#         101
  C:1524H         LINE#         102
  C:1534H         LINE#         103
  C:1534H         LINE#         104
  C:153AH         LINE#         105
  C:153AH         LINE#         106
  C:153AH         LINE#         107
  C:153CH         LINE#         108
  C:154CH         LINE#         109
  C:154CH         LINE#         110
  C:155CH         LINE#         111
  C:1561H         LINE#         112
BL51 BANKED LINKER/LOCATER V6.22                                                      10/06/2023  11:01:56  PAGE 31


  C:1567H         LINE#         113
  C:156DH         LINE#         114
  C:156DH         LINE#         115
  C:1573H         LINE#         116
  C:1574H         LINE#         118
  C:1574H         LINE#         119
  C:1579H         LINE#         120
  C:1579H         LINE#         121
  C:1579H         LINE#         122
  C:157AH         LINE#         123
  C:157FH         LINE#         124
  C:1588H         LINE#         126
  C:1593H         LINE#         127
  C:1593H         LINE#         129
  -------         ENDPROC       RS485_TX_DRIVE
  -------         PROC          RS485_RX_DRIVE
  -------         DO            
  D:0008H         SYMBOL        i
  -------         ENDDO         
  C:107FH         LINE#         130
  C:107FH         LINE#         131
  C:107FH         LINE#         134
  C:108DH         LINE#         135
  C:109FH         LINE#         136
  C:109FH         LINE#         137
  C:10A3H         LINE#         138
  C:10A5H         LINE#         139
  C:10A7H         LINE#         140
  C:10A9H         LINE#         141
  C:10A9H         LINE#         143
  C:10F5H         LINE#         144
  C:10F5H         LINE#         145
  C:110FH         LINE#         146
  C:110FH         LINE#         147
  C:110FH         LINE#         148
  C:110FH         LINE#         149
  C:110FH         LINE#         150
  C:110FH         LINE#         151
  C:1118H         LINE#         152
  C:1118H         LINE#         153
  C:1123H         LINE#         154
  C:1126H         LINE#         155
  C:112BH         LINE#         156
  C:1137H         LINE#         157
  C:1146H         LINE#         158
  C:1146H         LINE#         159
  C:114CH         LINE#         160
  C:1152H         LINE#         161
  C:115BH         LINE#         162
  C:115BH         LINE#         163
  C:115BH         LINE#         164
  C:115BH         LINE#         165
  C:115DH         LINE#         166
  C:1163H         LINE#         167
  C:1169H         LINE#         168
  C:1173H         LINE#         169
  C:1175H         LINE#         170
BL51 BANKED LINKER/LOCATER V6.22                                                      10/06/2023  11:01:56  PAGE 32


  C:1175H         LINE#         171
  C:1175H         LINE#         172
  C:1177H         LINE#         173
  C:117DH         LINE#         174
  C:1183H         LINE#         175
  C:118DH         LINE#         176
  C:118FH         LINE#         177
  C:1191H         LINE#         178
  C:1193H         LINE#         179
  C:1193H         LINE#         180
  C:1193H         LINE#         181
  C:1199H         LINE#         182
  C:1199H         LINE#         183
  C:119FH         LINE#         184
  C:11A5H         LINE#         185
  C:11A5H         LINE#         186
  C:11A6H         LINE#         188
  C:11A6H         LINE#         189
  C:11ACH         LINE#         190
  C:11ACH         LINE#         191
  C:11B2H         LINE#         192
  C:11B8H         LINE#         193
  C:11B8H         LINE#         194
  C:11B8H         LINE#         195
  C:11B8H         LINE#         196
  C:11B9H         LINE#         197
  C:11B9H         LINE#         198
  C:11BFH         LINE#         199
  C:11D6H         LINE#         200
  C:11D6H         LINE#         201
  C:11DDH         LINE#         202
  C:11DDH         LINE#         203
  C:11DDH         LINE#         204
  C:11E0H         LINE#         206
  C:11E0H         LINE#         207
  C:11E0H         LINE#         208
  C:11E0H         LINE#         209
  C:11E3H         LINE#         210
  C:1203H         LINE#         211
  C:1203H         LINE#         212
  C:1208H         LINE#         213
  C:1208H         LINE#         214
  C:1209H         LINE#         215
  C:1209H         LINE#         216
  C:1209H         LINE#         217
  C:1209H         LINE#         219
  C:1248H         LINE#         220
  C:1248H         LINE#         221
  C:1260H         LINE#         222
  C:1260H         LINE#         223
  C:1265H         LINE#         224
  C:126CH         LINE#         229
  C:1273H         LINE#         230
  C:1273H         LINE#         231
  C:1273H         LINE#         232
  C:1273H         LINE#         233
  C:127FH         LINE#         234
BL51 BANKED LINKER/LOCATER V6.22                                                      10/06/2023  11:01:56  PAGE 33


  C:127FH         LINE#         235
  -------         ENDPROC       RS485_RX_DRIVE
  -------         PROC          RS485_DATA_DRIVE
  C:1EA4H         LINE#         236
  C:1EA4H         LINE#         237
  C:1EA4H         LINE#         238
  C:1EA7H         LINE#         239
  C:1EA7H         LINE#         240
  C:1EAAH         LINE#         241
  C:1EAAH         LINE#         242
  C:1EB1H         LINE#         243
  C:1EB1H         LINE#         244
  C:1EB4H         LINE#         245
  C:1EB4H         LINE#         246
  -------         ENDPROC       RS485_DATA_DRIVE
  -------         ENDMOD        RS485_DRIVE

  -------         MODULE        ?C?IMUL
  C:1280H         PUBLIC        ?C?IMUL
  -------         ENDMOD        ?C?IMUL

  -------         MODULE        ?C?UIDIV
  C:1292H         PUBLIC        ?C?UIDIV
  -------         ENDMOD        ?C?UIDIV

  -------         MODULE        ?C?LMUL
  C:12E7H         PUBLIC        ?C?LMUL
  -------         ENDMOD        ?C?LMUL

  -------         MODULE        ?C?ULDIV
  C:1372H         PUBLIC        ?C?ULDIV
  -------         ENDMOD        ?C?ULDIV

  -------         MODULE        ?C?ULCMP
  C:1404H         PUBLIC        ?C?ULCMP
  -------         ENDMOD        ?C?ULCMP

  -------         MODULE        ?C?ULSHR
  C:1415H         PUBLIC        ?C?ULSHR
  -------         ENDMOD        ?C?ULSHR

  -------         MODULE        ?C?LSTXDATA
  C:1428H         PUBLIC        ?C?LSTXDATA
  -------         ENDMOD        ?C?LSTXDATA

  -------         MODULE        ?C?CCASE
  C:1434H         PUBLIC        ?C?CCASE
  -------         ENDMOD        ?C?CCASE

Program Size: data=22.7 xdata=252 code=7955
LINK/LOCATE RUN COMPLETE.  0 WARNING(S),  0 ERROR(S)
